Microchip MPLAB XC8 Compiler V2.20

Linker command line:

-W-3 --edf=D:\MPLAB 5.4\xc8\pic\dat\en_msgs.txt -cn \
  -h+dist/default/production\TH_ViDieuKhien.X.production.sym \
  --cmf=dist/default/production\TH_ViDieuKhien.X.production.cmf -z \
  -Q16F877A -oC:\Users\mcho9\AppData\Local\Temp\s3tg.2 \
  --defsym=__MPLAB_BUILD=1 \
  -Mdist/default/production/TH_ViDieuKhien.X.production.map -E1 \
  -ver=XC8 Compiler --acfsm=1493 -ASTACK=0110h-016Fh -pstack=STACK \
  -ACODE=00h-07FFhx4 -ASTRCODE=00h-01FFFh -ASTRING=00h-0FFhx32 \
  -ACONST=00h-0FFhx32 -AENTRY=00h-0FFhx32 -ACOMMON=070h-07Fh \
  -ABANK0=020h-06Fh -ABANK1=0A0h-0EFh -ABANK2=0110h-016Fh \
  -ABANK3=0190h-01EFh -ARAM=020h-06Fh,0A0h-0EFh,0110h-016Fh,0190h-01EFh \
  -AABS1=020h-07Fh,0A0h-0EFh,0110h-016Fh,0190h-01EFh -ASFR0=00h-01Fh \
  -ASFR1=080h-09Fh -ASFR2=0100h-010Fh -ASFR3=0180h-018Fh \
  -ACONFIG=02007h-02007h -DCONFIG=2 -AIDLOC=02000h-02003h -DIDLOC=2 \
  -preset_vec=00h,intentry=04h,init,end_init -ppowerup=CODE -pcinit=CODE \
  -pfunctab=ENTRY -AEEDATA=00h-0FFh/02100h -peeprom_data=EEDATA -DEEDATA=2 \
  -DCODE=2 -DSTRCODE=2 -DSTRING=2 -DCONST=2 -DENTRY=2 -k \
  C:\Users\mcho9\AppData\Local\Temp\s3tg.o \
  dist/default/production\TH_ViDieuKhien.X.production.o 

Object code version is 3.11

Machine type is 16F877A



                Name                               Link     Load   Length Selector   Space Scale
C:\Users\mcho9\AppData\Local\Temp\s3tg.o
                end_init                             12       12        3        8       0
                reset_vec                             0        0        3        0       0
                config                             2007     2007        1        0       4
dist/default/production\TH_ViDieuKhien.X.production.o
                cinit                                15       15       18        8       0
                intentry                              4        4        E        8       0
                config                             2007     2007        1        0       4
                text29                             15F6     15F6       78     2BEC       0
                text28                             131F     131F        9     263E       0
                text27                             13DD     13DD       2B     27BA       0
                text26                              805      805        C     100A       0
                text25                             1471     1471       46     28E2       0
                text24                             14B7     14B7       4F     296E       0
                text23                              928      928       C3     1250       0
                text22                             1763     1763       9D     2EC6       0
                text21                              AB7      AB7       DC     156E       0
                text20                              B93      B93      1DD     1726       0
                text19                             1328     1328       14     2650       0
                text18                             1353     1353       19     26A6       0
                text17                             13B4     13B4       29     2768       0
                text16                              433      433      361        8       0
                text15                              D70      D70      290     1AE0       0
                text14                             136C     136C       24     26D8       0
                text13                             16E7     16E7       7C     2DCE       0
                text12                              86C      86C       BC     10D8       0
                text11                              794      794       69        8       0
                text10                              811      811       5B     1022       0
                text9                              1506     1506       4F     2A0C       0
                text8                              166E     166E       79     2CDC       0
                text7                              1408     1408       2B     2810       0
                text6                              1433     1433       3E     2866       0
                text5                               9EB      9EB       CC     13D6       0
                text4                              133C     133C       17     2678       0
                text3                              1390     1390       24     2720       0
                text2                              1555     1555       50     2AAA       0
                text1                              15A5     15A5       51     2B4A       0
                maintext                             2D       2D      406        8       0
                cstackBANK0                          20       20       50       20       1
                cstackCOMMON                         70       70        8       70       1
                cstackBANK1                          A0       A0       20       A0       1
                clrtext                            1317     1317        8     262E       0
                bssBANK3                            190      190       5A      190       1
                bssBANK1                             C0       C0        8       A0       1
                bssCOMMON                            78       78        2       70       1
                stringtext                         1000     1000      23E       20       0
                strings                            123E     123E       12     247C       0

TOTAL           Name                               Link     Load   Length     Space
        CLASS   STACK          

        CLASS   CODE           
                end_init                             12       12        3         0
                cinit                                15       15       18         0
                intentry                              4        4        E         0
                reset_vec                             0        0        3         0
                text29                             15F6     15F6       78         0
                text28                             131F     131F        9         0
                text27                             13DD     13DD       2B         0
                text26                              805      805        C         0
                text25                             1471     1471       46         0
                text24                             14B7     14B7       4F         0
                text23                              928      928       C3         0
                text22                             1763     1763       9D         0
                text21                              AB7      AB7       DC         0
                text20                              B93      B93      1DD         0
                text19                             1328     1328       14         0
                text18                             1353     1353       19         0
                text17                             13B4     13B4       29         0
                text16                              433      433      361         0
                text15                              D70      D70      290         0
                text14                             136C     136C       24         0
                text13                             16E7     16E7       7C         0
                text12                              86C      86C       BC         0
                text11                              794      794       69         0
                text10                              811      811       5B         0
                text9                              1506     1506       4F         0
                text8                              166E     166E       79         0
                text7                              1408     1408       2B         0
                text6                              1433     1433       3E         0
                text5                               9EB      9EB       CC         0
                text4                              133C     133C       17         0
                text3                              1390     1390       24         0
                text2                              1555     1555       50         0
                text1                              15A5     15A5       51         0
                maintext                             2D       2D      406         0
                clrtext                            1317     1317        8         0

        CLASS   STRCODE        
                stringtext                         1000     1000      23E         0

        CLASS   STRING         
                strings                            123E     123E       12         0

        CLASS   CONST          

        CLASS   ENTRY          

        CLASS   COMMON         
                cstackCOMMON                         70       70        8         1
                bssCOMMON                            78       78        2         1

        CLASS   BANK0          
                cstackBANK0                          20       20       50         1

        CLASS   BANK1          
                cstackBANK1                          A0       A0       20         1
                bssBANK1                             C0       C0        8         1

        CLASS   BANK2          

        CLASS   BANK3          
                bssBANK3                            190      190       5A         1

        CLASS   RAM            

        CLASS   ABS1           
                abs_s1                               7E       7E        2         1

        CLASS   SFR0           

        CLASS   SFR1           

        CLASS   SFR2           

        CLASS   SFR3           

        CLASS   CONFIG         
                config                             2007     2007        1         4

        CLASS   IDLOC          

        CLASS   EEDATA         



SEGMENTS        Name                           Load    Length   Top    Selector   Space  Class     Delta

                reset_vec                      000000  000003  000003         0       0  CODE        2
                intentry                       000004  0007F9  0007FD         8       0  CODE        2
                cstackBANK0                    000020  000050  000070        20       1  BANK0       1
                cstackCOMMON                   000070  00000A  00007A        70       1  COMMON      1
                cstackBANK1                    0000A0  000028  0000C8        A0       1  BANK1       1
                bssBANK3                       000190  00005A  0001EA       190       1  BANK3       1
                text26                         000805  00000C  000811      100A       0  CODE        2
                text10                         000811  00005B  00086C      1022       0  CODE        2
                text12                         00086C  0000BC  000928      10D8       0  CODE        2
                text23                         000928  0000C3  0009EB      1250       0  CODE        2
                text5                          0009EB  0000CC  000AB7      13D6       0  CODE        2
                text21                         000AB7  0000DC  000B93      156E       0  CODE        2
                text20                         000B93  0001DD  000D70      1726       0  CODE        2
                text15                         000D70  000290  001000      1AE0       0  CODE        2
                stringtext                     001000  00023E  00123E        20       0  STRCODE     2
                strings                        00123E  000012  001250      247C       0  STRING      2
                clrtext                        001317  000008  00131F      262E       0  CODE        2
                text28                         00131F  000009  001328      263E       0  CODE        2
                text19                         001328  000014  00133C      2650       0  CODE        2
                text4                          00133C  000017  001353      2678       0  CODE        2
                text18                         001353  000019  00136C      26A6       0  CODE        2
                text14                         00136C  000024  001390      26D8       0  CODE        2
                text3                          001390  000024  0013B4      2720       0  CODE        2
                text17                         0013B4  000029  0013DD      2768       0  CODE        2
                text27                         0013DD  00002B  001408      27BA       0  CODE        2
                text7                          001408  00002B  001433      2810       0  CODE        2
                text6                          001433  00003E  001471      2866       0  CODE        2
                text25                         001471  000046  0014B7      28E2       0  CODE        2
                text24                         0014B7  00004F  001506      296E       0  CODE        2
                text9                          001506  00004F  001555      2A0C       0  CODE        2
                text2                          001555  000050  0015A5      2AAA       0  CODE        2
                text1                          0015A5  000051  0015F6      2B4A       0  CODE        2
                text29                         0015F6  000078  00166E      2BEC       0  CODE        2
                text8                          00166E  000079  0016E7      2CDC       0  CODE        2
                text13                         0016E7  00007C  001763      2DCE       0  CODE        2
                text22                         001763  00009D  001800      2EC6       0  CODE        2


UNUSED ADDRESS RANGES

        Name                Unused          Largest block    Delta
        BANK1            00C8-00EF             28           1
        BANK2            0110-016F             60           1
        BANK3            01EA-01EF              6           1
        CODE             0003-0003              1           2
                         07FD-0804              3
                         1250-1316             C7
                         1800-1FFF            800
        COMMON           007A-007D              4           1
        CONST            0003-0003              1           2
                         07FD-0804              3
                         1250-1316             B0
                         1800-1FFF            100
        EEDATA           2100-21FF            100           2
        ENTRY            0003-0003              1           2
                         07FD-0804              3
                         1250-1316             B0
                         1800-1FFF            100
        IDLOC            2000-2003              4           2
        RAM              00C8-00EF             28           1
                         0110-016F             60
                         01EA-01EF              6
        SFR0             0000-001F             20           1
        SFR1             0080-009F             20           1
        SFR2             0100-010F             10           1
        SFR3             0180-018F             10           1
        STACK            0110-016F             60           1
        STRCODE          0003-0003              1           2
                         07FD-0804              8
                         1250-1316             C7
                         1800-1FFF            800
        STRING           0003-0003              1           2
                         07FD-0804              3
                         1250-1316             B0
                         1800-1FFF            100

                                  Symbol Table

?_ADC_Read                cstackCOMMON 0074
?__Umul8_16               cstackCOMMON 0074
?___aldiv                 cstackBANK0  0020
?___awdiv                 cstackCOMMON 0074
?___awmod                 cstackCOMMON 0074
?___fladd                 cstackBANK0  0020
?___fldiv                 cstackBANK0  0053
?___flmul                 cstackBANK0  0039
?___flsub                 cstackBANK0  0039
?___fltol                 cstackCOMMON 0074
?___wmul                  cstackCOMMON 0074
?___xxtofl                cstackBANK0  002B
?_intToStr                cstackBANK0  002A
?_mypow                   cstackBANK0  0022
?_strlen                  cstackCOMMON 0074
?_strncmp                 cstackBANK0  0020
ADC_Read@channel          cstackBANK0  0020
UART_Init@baudrate        cstackBANK0  002E
UART_Init@x               cstackCOMMON 0075
UART_Write@data           cstackCOMMON 0074
UART_Write_Text@i         cstackBANK0  0023
UART_Write_Text@text      cstackCOMMON 0075
_ADCON0                   (abs)        001F
_ADCON1                   (abs)        009F
_ADC_Init                 text28       131F
_ADC_Read                 text27       13DD
_ADRESH                   (abs)        001E
_ADRESL                   (abs)        009E
_ATinit                   text23       0928
_BRGH                     (abs)        04C2
_CREN                     (abs)        00C4
_GIE                      (abs)        005F
_GO_nDONE                 (abs)        00FA
_OPTION_REGbits           (abs)        0081
_PEIE                     (abs)        005E
_PIE1bits                 (abs)        008C
_PORTBbits                (abs)        0006
_PORTD                    (abs)        0008
_PORTDbits                (abs)        0008
_RCIF                     (abs)        0065
_RCREG                    (abs)        001A
_RCSTAbits                (abs)        0018
_SPBRG                    (abs)        0099
_SPEN                     (abs)        00C7
_SYNC                     (abs)        04C4
_TRISB                    (abs)        0086
_TRISC6                   (abs)        043E
_TRISC7                   (abs)        043F
_TRISD                    (abs)        0088
_TRMT                     (abs)        04C1
_TXEN                     (abs)        04C5
_TXREG                    (abs)        0019
_UART_Init                text21       0AB7
_UART_Write               text26       0805
_UART_Write_Text          text25       1471
__Habs1                   abs1         0000
__Hbank0                  bank0        0000
__Hbank1                  bank1        0000
__Hbank2                  bank2        0000
__Hbank3                  bank3        0000
__HbssBANK1               bssBANK1     0000
__HbssBANK3               bssBANK3     0000
__HbssCOMMON              bssCOMMON    0000
__Hcinit                  cinit        002D
__Hclrtext                clrtext      0000
__Hcode                   code         0000
__Hcommon                 common       0000
__Hconfig                 config       2008
__HcstackBANK0            cstackBANK0  0000
__HcstackBANK1            cstackBANK1  0000
__HcstackCOMMON           cstackCOMMON 0000
__Heeprom_data            eeprom_data  0000
__Hend_init               end_init     0015
__Hfunctab                functab      0000
__Hinit                   init         0012
__Hintentry               intentry     0012
__Hmaintext               maintext     0000
__Hpowerup                powerup      0000
__Hram                    ram          0000
__Hreset_vec              reset_vec    0003
__Hsfr0                   sfr0         0000
__Hsfr1                   sfr1         0000
__Hsfr2                   sfr2         0000
__Hsfr3                   sfr3         0000
__Hspace_0                (abs)        1800
__Hspace_1                (abs)        01EA
__Hspace_2                (abs)        0000
__Hspace_3                (abs)        0000
__Hspace_4                (abs)        400F
__Hstack                  stack        0000
__Hstrings                strings      0000
__Hstringtext             stringtext   0000
__Htext                   text         0000
__Labs1                   abs1         0000
__Lbank0                  bank0        0000
__Lbank1                  bank1        0000
__Lbank2                  bank2        0000
__Lbank3                  bank3        0000
__LbssBANK1               bssBANK1     0000
__LbssBANK3               bssBANK3     0000
__LbssCOMMON              bssCOMMON    0000
__Lcinit                  cinit        0015
__Lclrtext                clrtext      0000
__Lcode                   code         0000
__Lcommon                 common       0000
__Lconfig                 config       0000
__LcstackBANK0            cstackBANK0  0000
__LcstackBANK1            cstackBANK1  0000
__LcstackCOMMON           cstackCOMMON 0000
__Leeprom_data            eeprom_data  0000
__Lend_init               end_init     0012
__Lfunctab                functab      0000
__Linit                   init         0012
__Lintentry               intentry     0004
__Lmaintext               maintext     0000
__Lpowerup                powerup      0000
__Lram                    ram          0000
__Lreset_vec              reset_vec    0000
__Lsfr0                   sfr0         0000
__Lsfr1                   sfr1         0000
__Lsfr2                   sfr2         0000
__Lsfr3                   sfr3         0000
__Lspace_0                (abs)        0000
__Lspace_1                (abs)        0000
__Lspace_2                (abs)        0000
__Lspace_3                (abs)        0000
__Lspace_4                (abs)        0000
__Lstack                  stack        0000
__Lstrings                strings      0000
__Lstringtext             stringtext   0000
__Ltext                   text         0000
__S0                      (abs)        1800
__S1                      (abs)        01EA
__S2                      (abs)        0000
__S3                      (abs)        0000
__Umul8_16                text17       13B4
__Umul8_16@multiplicand   cstackCOMMON 0074
__Umul8_16@multiplier     cstackBANK0  0024
__Umul8_16@product        cstackBANK0  0020
__Umul8_16@word_mpld      cstackBANK0  0022
___aldiv                  text22       1763
___aldiv@counter          cstackBANK0  0028
___aldiv@dividend         cstackBANK0  0024
___aldiv@divisor          cstackBANK0  0020
___aldiv@quotient         cstackBANK0  002A
___aldiv@sign             cstackBANK0  0029
___awdiv                  text11       0794
___awdiv@counter          cstackBANK0  0020
___awdiv@dividend         cstackCOMMON 0076
___awdiv@divisor          cstackCOMMON 0074
___awdiv@quotient         cstackBANK0  0022
___awdiv@sign             cstackBANK0  0021
___awmod                  text10       0811
___awmod@counter          cstackBANK0  0020
___awmod@dividend         cstackCOMMON 0076
___awmod@divisor          cstackCOMMON 0074
___awmod@sign             cstackBANK0  0021
___fladd                  text15       0D70
___fladd@a                cstackBANK0  0024
___fladd@aexp             cstackCOMMON 0075
___fladd@b                cstackBANK0  0020
___fladd@bexp             cstackCOMMON 0076
___fladd@grs              cstackCOMMON 0077
___fladd@signs            cstackCOMMON 0074
___fldiv                  text20       0B93
___fldiv@a                cstackBANK0  0053
___fldiv@aexp             cstackBANK0  006C
___fldiv@b                cstackBANK0  0057
___fldiv@bexp             cstackBANK0  006B
___fldiv@grs              cstackBANK0  0067
___fldiv@new_exp          cstackBANK0  0065
___fldiv@rem              cstackBANK0  0060
___fldiv@sign             cstackBANK0  0064
___flmul                  text16       0433
___flmul@a                cstackBANK0  003D
___flmul@aexp             cstackBANK0  004B
___flmul@b                cstackBANK0  0039
___flmul@bexp             cstackBANK0  004C
___flmul@grs              cstackBANK0  0047
___flmul@prod             cstackBANK0  004D
___flmul@sign             cstackBANK0  0046
___flmul@temp             cstackBANK0  0051
___flsub                  text14       136C
___flsub@a                cstackBANK0  0039
___flsub@b                cstackBANK0  003D
___fltol                  text13       16E7
___fltol@exp1             cstackBANK0  0025
___fltol@f1               cstackCOMMON 0074
___fltol@sign1            cstackBANK0  0024
___int_sp                 stack        0000
___latbits                (abs)        0002
___sp                     stack        0000
___stackhi                (abs)        0000
___stacklo                (abs)        0000
___wmul                   text7        1408
___wmul@multiplicand      cstackCOMMON 0076
___wmul@multiplier        cstackCOMMON 0074
___wmul@product           cstackBANK0  0020
___xxtofl                 text12       086C
___xxtofl@arg             cstackBANK0  0035
___xxtofl@exp             cstackBANK0  0034
___xxtofl@sign            cstackBANK0  0033
___xxtofl@val             cstackBANK0  002B
__end_of_ADC_Init         text28       1328
__end_of_ADC_Read         text27       1408
__end_of_ATinit           text23       09EB
__end_of_UART_Init        text21       0B93
__end_of_UART_Write       text26       0811
__end_of_UART_Write_Text  text25       14B7
__end_of__Umul8_16        text17       13DD
__end_of___aldiv          text22       1800
__end_of___awdiv          text11       07FD
__end_of___awmod          text10       086C
__end_of___fladd          text15       1000
__end_of___fldiv          text20       0D70
__end_of___flmul          text16       0794
__end_of___flsub          text14       1390
__end_of___fltol          text13       1763
__end_of___wmul           text7        1433
__end_of___xxtofl         text12       0928
__end_of__initialization  cinit        0029
__end_of__stringtab       strings      1250
__end_of_clear_buffer     text19       133C
__end_of_delete_sms       text18       136C
__end_of_ftos             text5        0AB7
__end_of_intToStr         text8        16E7
__end_of_main             maintext     0433
__end_of_myISR            text29       166E
__end_of_mypow            text6        1471
__end_of_reverse          text9        1555
__end_of_send_sms         text24       1506
__end_of_strchr           text4        1353
__end_of_strlen           text3        13B4
__end_of_strncmp          text2        15A5
__end_of_strstr           text1        15F6
__initialization          cinit        0015
__pbssBANK1               bssBANK1     00C0
__pbssBANK3               bssBANK3     0190
__pbssCOMMON              bssCOMMON    0078
__pcstackBANK0            cstackBANK0  0020
__pcstackBANK1            cstackBANK1  00A0
__pcstackCOMMON           cstackCOMMON 0070
__pintentry               intentry     0004
__pmaintext               maintext     002D
__pstrings                strings      123E
__pstringtext             stringtext   1000
__ptext1                  text1        15A5
__ptext10                 text10       0811
__ptext11                 text11       0794
__ptext12                 text12       086C
__ptext13                 text13       16E7
__ptext14                 text14       136C
__ptext15                 text15       0D70
__ptext16                 text16       0433
__ptext17                 text17       13B4
__ptext18                 text18       1353
__ptext19                 text19       1328
__ptext2                  text2        1555
__ptext20                 text20       0B93
__ptext21                 text21       0AB7
__ptext22                 text22       1763
__ptext23                 text23       0928
__ptext24                 text24       14B7
__ptext25                 text25       1471
__ptext26                 text26       0805
__ptext27                 text27       13DD
__ptext28                 text28       131F
__ptext29                 text29       15F6
__ptext3                  text3        1390
__ptext4                  text4        133C
__ptext5                  text5        09EB
__ptext6                  text6        1433
__ptext7                  text7        1408
__ptext8                  text8        166E
__ptext9                  text9        1506
__size_of_ADC_Init        (abs)        0000
__size_of_ADC_Read        (abs)        0000
__size_of_ATinit          (abs)        0000
__size_of_UART_Init       (abs)        0000
__size_of_UART_Write      (abs)        0000
__size_of_UART_Write_Text (abs)        0000
__size_of__Umul8_16       (abs)        0000
__size_of___aldiv         (abs)        0000
__size_of___awdiv         (abs)        0000
__size_of___awmod         (abs)        0000
__size_of___fladd         (abs)        0000
__size_of___fldiv         (abs)        0000
__size_of___flmul         (abs)        0000
__size_of___flsub         (abs)        0000
__size_of___fltol         (abs)        0000
__size_of___wmul          (abs)        0000
__size_of___xxtofl        (abs)        0000
__size_of_clear_buffer    (abs)        0000
__size_of_delete_sms      (abs)        0000
__size_of_ftos            (abs)        0000
__size_of_intToStr        (abs)        0000
__size_of_main            (abs)        0000
__size_of_myISR           (abs)        0000
__size_of_mypow           (abs)        0000
__size_of_reverse         (abs)        0000
__size_of_send_sms        (abs)        0000
__size_of_strchr          (abs)        0000
__size_of_strlen          (abs)        0000
__size_of_strncmp         (abs)        0000
__size_of_strstr          (abs)        0000
__stringbase              strings      1250
__stringtab               strings      123E
_buffer                   bssBANK3     0190
_clear_buffer             text19       1328
_delete_sms               text18       1353
_ftos                     text5        09EB
_i                        bssCOMMON    0079
_intToStr                 text8        166E
_main                     maintext     002D
_myISR                    text29       15F6
_mypow                    text6        1433
_new_sms                  bssBANK1     00C0
_ptr                      bssBANK1     00C7
_rev                      bssBANK1     00C6
_rev1                     bssBANK1     00C5
_rev2                     bssBANK1     00C4
_rev3                     bssBANK1     00C3
_rev4                     bssBANK1     00C2
_reverse                  text9        1506
_send_sms                 text24       14B7
_strchr                   text4        133C
_strlen                   text3        1390
_strncmp                  text2        1555
_strstr                   text1        15A5
_xbuffer                  bssCOMMON    0078
btemp                     (abs)        007E
clear_ram0                clrtext      1317
end_of_initialization     cinit        0029
ftos@afterpoint           cstackBANK0  0058
ftos@fpart                cstackBANK0  005F
ftos@i                    cstackBANK0  005D
ftos@ipart                cstackBANK0  005B
ftos@n                    cstackBANK0  0053
ftos@res                  cstackBANK0  0057
intToStr@d                cstackBANK0  002D
intToStr@i                cstackBANK0  0030
intToStr@str              cstackBANK0  002C
intToStr@x                cstackBANK0  002A
interrupt_function        intentry     0004
intlevel0                 functab      0000
intlevel1                 functab      0000
intlevel2                 functab      0000
intlevel3                 functab      0000
intlevel4                 functab      0000
intlevel5                 functab      0000
main@a                    cstackBANK1  00A0
main@adc                  cstackBANK1  00BE
main@tem                  cstackBANK1  00BA
main@vol                  cstackBANK1  00B6
mypow@i                   cstackBANK0  0027
mypow@n                   cstackBANK0  0024
mypow@number              cstackBANK0  0029
mypow@x                   cstackBANK0  0022
reset_vec                 reset_vec    0000
reverse@i                 cstackBANK0  0025
reverse@j                 cstackBANK0  0027
reverse@len               cstackCOMMON 0074
reverse@str               cstackBANK0  0029
reverse@temp              cstackBANK0  0023
saved_w                   (abs)        007E
send_sms@n                cstackBANK0  0025
start                     init         0012
start_initialization      cinit        0015
strchr@chr                cstackCOMMON 0074
strchr@ptr                cstackCOMMON 0076
strlen@cp                 cstackCOMMON 0076
strlen@s                  cstackCOMMON 0074
strncmp@len               cstackBANK0  0022
strncmp@s1                cstackBANK0  0026
strncmp@s2                cstackBANK0  0020
strstr@s1                 cstackBANK0  002B
strstr@s2                 cstackBANK0  0027
wtemp0                    (abs)        007E


FUNCTION INFORMATION:

 *************** function _main *****************
 Defined at:
		line 156 in file "main_vdk.c"
 Parameters:    Size  Location     Type
		None
 Auto vars:     Size  Location     Type
  a              20    0[BANK1 ] unsigned char [20]
  tem             4   26[BANK1 ] float 
  vol             4   22[BANK1 ] float 
  adc             2   30[BANK1 ] int 
  dem             2    0        int 
 Return value:  Size  Location     Type
                  1    wreg      void 
 Registers used:
		wreg, fsr0l, fsr0h, status,2, status,0, btemp+1, pclath, cstack
 Tracked objects:
		On entry : 
		On exit  : 
		Unchanged: 
 Data sizes:     COMMON   BANK0   BANK1   BANK3   BANK2
      Params:         0       0       0       0       0
      Locals:         0       0      32       0       0
      Temps:          0       3       0       0       0
      Totals:         0       3      32       0       0
Total ram usage:       35 bytes
 Hardware stack levels required when called:    5
 This function calls:
		_ADC_Init
		_ADC_Read
		_ATinit
		_UART_Init
		_UART_Write_Text
		___fldiv
		___flmul
		___xxtofl
		_clear_buffer
		_delete_sms
		_ftos
		_send_sms
		_strncmp
		_strstr
 This function is called by:
		Startup code after reset
 This function uses a non-reentrant model


 *************** function _strstr *****************
 Defined at:
		line 4 in file "D:\MPLAB 5.4\xc8\pic\sources\c90\common\strstr.c"
 Parameters:    Size  Location     Type
  s1              1    wreg     PTR const unsigned char 
		 -> NULL(0), buffer(90), 
  s2              2    7[BANK0 ] PTR const unsigned char 
		 -> STR_32(5), STR_29(5), STR_26(5), STR_23(7), 
		 -> STR_20(7), STR_17(5), STR_14(5), 
 Auto vars:     Size  Location     Type
  s1              1   11[BANK0 ] PTR const unsigned char 
		 -> NULL(0), buffer(90), 
 Return value:  Size  Location     Type
                  1    wreg      PTR unsigned char 
 Registers used:
		wreg, fsr0l, fsr0h, status,2, status,0, btemp+1, pclath, cstack
 Tracked objects:
		On entry : 
		On exit  : 
		Unchanged: 
 Data sizes:     COMMON   BANK0   BANK1   BANK3   BANK2
      Params:         0       2       0       0       0
      Locals:         0       1       0       0       0
      Temps:          0       2       0       0       0
      Totals:         0       5       0       0       0
Total ram usage:        5 bytes
 Hardware stack levels used:    1
 Hardware stack levels required when called:    3
 This function calls:
		_strchr
		_strlen
		_strncmp
 This function is called by:
		_main
 This function uses a non-reentrant model


 *************** function _strncmp *****************
 Defined at:
		line 4 in file "D:\MPLAB 5.4\xc8\pic\sources\c90\common\strncmp.c"
 Parameters:    Size  Location     Type
  s1              1    wreg     PTR const unsigned char 
		 -> NULL(0), buffer(90), 
  s2              2    0[BANK0 ] PTR const unsigned char 
		 -> STR_33(5), STR_32(5), STR_30(5), STR_29(5), 
		 -> STR_27(5), STR_26(5), STR_24(7), STR_23(7), 
		 -> STR_21(7), STR_20(7), STR_18(5), STR_17(5), 
		 -> STR_15(5), STR_14(5), 
  len             2    2[BANK0 ] unsigned int 
 Auto vars:     Size  Location     Type
  s1              1    6[BANK0 ] PTR const unsigned char 
		 -> NULL(0), buffer(90), 
 Return value:  Size  Location     Type
                  2    0[BANK0 ] int 
 Registers used:
		wreg, fsr0l, fsr0h, status,2, status,0, btemp+1, pclath
 Tracked objects:
		On entry : 
		On exit  : 
		Unchanged: 
 Data sizes:     COMMON   BANK0   BANK1   BANK3   BANK2
      Params:         0       4       0       0       0
      Locals:         0       1       0       0       0
      Temps:          0       2       0       0       0
      Totals:         0       7       0       0       0
Total ram usage:        7 bytes
 Hardware stack levels used:    2
 Hardware stack levels required when called:    1
 This function calls:
		Nothing
 This function is called by:
		_main
		_strstr
 This function uses a non-reentrant model


 *************** function _strlen *****************
 Defined at:
		line 4 in file "D:\MPLAB 5.4\xc8\pic\sources\c90\common\strlen.c"
 Parameters:    Size  Location     Type
  s               2    4[COMMON] PTR const unsigned char 
		 -> STR_32(5), STR_29(5), STR_26(5), STR_23(7), 
		 -> STR_20(7), STR_17(5), STR_14(5), 
 Auto vars:     Size  Location     Type
  cp              2    6[COMMON] PTR const unsigned char 
		 -> STR_32(5), STR_29(5), STR_26(5), STR_23(7), 
		 -> STR_20(7), STR_17(5), STR_14(5), 
 Return value:  Size  Location     Type
                  2    4[COMMON] unsigned int 
 Registers used:
		wreg, fsr0l, fsr0h, status,2, status,0, btemp+1, pclath
 Tracked objects:
		On entry : 
		On exit  : 
		Unchanged: 
 Data sizes:     COMMON   BANK0   BANK1   BANK3   BANK2
      Params:         2       0       0       0       0
      Locals:         2       0       0       0       0
      Temps:          0       0       0       0       0
      Totals:         4       0       0       0       0
Total ram usage:        4 bytes
 Hardware stack levels used:    2
 Hardware stack levels required when called:    1
 This function calls:
		Nothing
 This function is called by:
		_strstr
 This function uses a non-reentrant model


 *************** function _strchr *****************
 Defined at:
		line 4 in file "D:\MPLAB 5.4\xc8\pic\sources\c90\common\strchr.c"
 Parameters:    Size  Location     Type
  ptr             1    wreg     PTR const unsigned char 
		 -> NULL(0), buffer(90), 
  chr             2    4[COMMON] int 
 Auto vars:     Size  Location     Type
  ptr             1    6[COMMON] PTR const unsigned char 
		 -> NULL(0), buffer(90), 
 Return value:  Size  Location     Type
                  1    wreg      PTR unsigned char 
 Registers used:
		wreg, fsr0l, fsr0h, status,2, status,0
 Tracked objects:
		On entry : 
		On exit  : 
		Unchanged: 
 Data sizes:     COMMON   BANK0   BANK1   BANK3   BANK2
      Params:         2       0       0       0       0
      Locals:         1       0       0       0       0
      Temps:          0       0       0       0       0
      Totals:         3       0       0       0       0
Total ram usage:        3 bytes
 Hardware stack levels used:    1
 Hardware stack levels required when called:    1
 This function calls:
		Nothing
 This function is called by:
		_strstr
 This function uses a non-reentrant model


 *************** function _ftos *****************
 Defined at:
		line 143 in file "main_vdk.c"
 Parameters:    Size  Location     Type
  n               4   51[BANK0 ] float 
  res             1   55[BANK0 ] PTR unsigned char 
		 -> main@a(20), 
  afterpoint      2   56[BANK0 ] int 
 Auto vars:     Size  Location     Type
  fpart           4   63[BANK0 ] float 
  i               2   61[BANK0 ] int 
  ipart           2   59[BANK0 ] int 
 Return value:  Size  Location     Type
                  1    wreg      void 
 Registers used:
		wreg, fsr0l, fsr0h, status,2, status,0, btemp+1, pclath, cstack
 Tracked objects:
		On entry : 
		On exit  : 
		Unchanged: 
 Data sizes:     COMMON   BANK0   BANK1   BANK3   BANK2
      Params:         0       7       0       0       0
      Locals:         0       8       0       0       0
      Temps:          0       1       0       0       0
      Totals:         0      16       0       0       0
Total ram usage:       16 bytes
 Hardware stack levels used:    1
 Hardware stack levels required when called:    3
 This function calls:
		___flmul
		___flsub
		___fltol
		___xxtofl
		_intToStr
		_mypow
 This function is called by:
		_main
 This function uses a non-reentrant model


 *************** function _mypow *****************
 Defined at:
		line 136 in file "main_vdk.c"
 Parameters:    Size  Location     Type
  x               2    2[BANK0 ] int 
  n               2    4[BANK0 ] int 
 Auto vars:     Size  Location     Type
  number          2    9[BANK0 ] int 
  i               2    7[BANK0 ] int 
 Return value:  Size  Location     Type
                  4    2[BANK0 ] long 
 Registers used:
		wreg, status,2, status,0, pclath, cstack
 Tracked objects:
		On entry : 
		On exit  : 
		Unchanged: 
 Data sizes:     COMMON   BANK0   BANK1   BANK3   BANK2
      Params:         0       4       0       0       0
      Locals:         0       4       0       0       0
      Temps:          0       1       0       0       0
      Totals:         0       9       0       0       0
Total ram usage:        9 bytes
 Hardware stack levels used:    1
 Hardware stack levels required when called:    2
 This function calls:
		___wmul
 This function is called by:
		_ftos
 This function uses a non-reentrant model


 *************** function ___wmul *****************
 Defined at:
		line 15 in file "D:\MPLAB 5.4\xc8\pic\sources\c90\common\Umul16.c"
 Parameters:    Size  Location     Type
  multiplier      2    4[COMMON] unsigned int 
  multiplicand    2    6[COMMON] unsigned int 
 Auto vars:     Size  Location     Type
  product         2    0[BANK0 ] unsigned int 
 Return value:  Size  Location     Type
                  2    4[COMMON] unsigned int 
 Registers used:
		wreg, status,2, status,0
 Tracked objects:
		On entry : 
		On exit  : 
		Unchanged: 
 Data sizes:     COMMON   BANK0   BANK1   BANK3   BANK2
      Params:         4       0       0       0       0
      Locals:         0       2       0       0       0
      Temps:          0       0       0       0       0
      Totals:         4       2       0       0       0
Total ram usage:        6 bytes
 Hardware stack levels used:    1
 Hardware stack levels required when called:    1
 This function calls:
		Nothing
 This function is called by:
		_mypow
 This function uses a non-reentrant model


 *************** function _intToStr *****************
 Defined at:
		line 124 in file "main_vdk.c"
 Parameters:    Size  Location     Type
  x               2   10[BANK0 ] int 
  str             1   12[BANK0 ] PTR unsigned char 
		 -> main@a(20), 
  d               2   13[BANK0 ] int 
 Auto vars:     Size  Location     Type
  i               2   16[BANK0 ] int 
 Return value:  Size  Location     Type
                  2   10[BANK0 ] int 
 Registers used:
		wreg, fsr0l, fsr0h, status,2, status,0, btemp+1, pclath, cstack
 Tracked objects:
		On entry : 
		On exit  : 
		Unchanged: 
 Data sizes:     COMMON   BANK0   BANK1   BANK3   BANK2
      Params:         0       5       0       0       0
      Locals:         0       2       0       0       0
      Temps:          0       1       0       0       0
      Totals:         0       8       0       0       0
Total ram usage:        8 bytes
 Hardware stack levels used:    1
 Hardware stack levels required when called:    2
 This function calls:
		___awdiv
		___awmod
		_reverse
 This function is called by:
		_ftos
 This function uses a non-reentrant model


 *************** function _reverse *****************
 Defined at:
		line 114 in file "main_vdk.c"
 Parameters:    Size  Location     Type
  str             1    wreg     PTR unsigned char 
		 -> main@a(20), 
  len             2    4[COMMON] int 
 Auto vars:     Size  Location     Type
  str             1    9[BANK0 ] PTR unsigned char 
		 -> main@a(20), 
  j               2    7[BANK0 ] int 
  i               2    5[BANK0 ] int 
  temp            2    3[BANK0 ] int 
 Return value:  Size  Location     Type
                  1    wreg      void 
 Registers used:
		wreg, fsr0l, fsr0h, status,2, status,0, btemp+1
 Tracked objects:
		On entry : 
		On exit  : 
		Unchanged: 
 Data sizes:     COMMON   BANK0   BANK1   BANK3   BANK2
      Params:         2       0       0       0       0
      Locals:         0       7       0       0       0
      Temps:          0       3       0       0       0
      Totals:         2      10       0       0       0
Total ram usage:       12 bytes
 Hardware stack levels used:    1
 Hardware stack levels required when called:    1
 This function calls:
		Nothing
 This function is called by:
		_intToStr
 This function uses a non-reentrant model


 *************** function ___awmod *****************
 Defined at:
		line 5 in file "D:\MPLAB 5.4\xc8\pic\sources\c90\common\awmod.c"
 Parameters:    Size  Location     Type
  divisor         2    4[COMMON] int 
  dividend        2    6[COMMON] int 
 Auto vars:     Size  Location     Type
  sign            1    1[BANK0 ] unsigned char 
  counter         1    0[BANK0 ] unsigned char 
 Return value:  Size  Location     Type
                  2    4[COMMON] int 
 Registers used:
		wreg, status,2, status,0, btemp+1
 Tracked objects:
		On entry : 
		On exit  : 
		Unchanged: 
 Data sizes:     COMMON   BANK0   BANK1   BANK3   BANK2
      Params:         4       0       0       0       0
      Locals:         0       2       0       0       0
      Temps:          0       0       0       0       0
      Totals:         4       2       0       0       0
Total ram usage:        6 bytes
 Hardware stack levels used:    1
 Hardware stack levels required when called:    1
 This function calls:
		Nothing
 This function is called by:
		_intToStr
 This function uses a non-reentrant model


 *************** function ___awdiv *****************
 Defined at:
		line 5 in file "D:\MPLAB 5.4\xc8\pic\sources\c90\common\awdiv.c"
 Parameters:    Size  Location     Type
  divisor         2    4[COMMON] int 
  dividend        2    6[COMMON] int 
 Auto vars:     Size  Location     Type
  quotient        2    2[BANK0 ] int 
  sign            1    1[BANK0 ] unsigned char 
  counter         1    0[BANK0 ] unsigned char 
 Return value:  Size  Location     Type
                  2    4[COMMON] int 
 Registers used:
		wreg, status,2, status,0, btemp+1
 Tracked objects:
		On entry : 
		On exit  : 
		Unchanged: 
 Data sizes:     COMMON   BANK0   BANK1   BANK3   BANK2
      Params:         4       0       0       0       0
      Locals:         0       4       0       0       0
      Temps:          0       0       0       0       0
      Totals:         4       4       0       0       0
Total ram usage:        8 bytes
 Hardware stack levels used:    1
 Hardware stack levels required when called:    1
 This function calls:
		Nothing
 This function is called by:
		_intToStr
 This function uses a non-reentrant model


 *************** function ___xxtofl *****************
 Defined at:
		line 10 in file "D:\MPLAB 5.4\xc8\pic\sources\c90\common\xxtofl.c"
 Parameters:    Size  Location     Type
  sign            1    wreg     unsigned char 
  val             4   11[BANK0 ] long 
 Auto vars:     Size  Location     Type
  sign            1   19[BANK0 ] unsigned char 
  arg             4   21[BANK0 ] unsigned long 
  exp             1   20[BANK0 ] unsigned char 
 Return value:  Size  Location     Type
                  4   11[BANK0 ] unsigned char 
 Registers used:
		wreg, status,2, status,0, btemp+1
 Tracked objects:
		On entry : 
		On exit  : 
		Unchanged: 
 Data sizes:     COMMON   BANK0   BANK1   BANK3   BANK2
      Params:         0       4       0       0       0
      Locals:         0       6       0       0       0
      Temps:          0       4       0       0       0
      Totals:         0      14       0       0       0
Total ram usage:       14 bytes
 Hardware stack levels used:    1
 Hardware stack levels required when called:    1
 This function calls:
		Nothing
 This function is called by:
		_ftos
		_main
 This function uses a non-reentrant model


 *************** function ___fltol *****************
 Defined at:
		line 43 in file "D:\MPLAB 5.4\xc8\pic\sources\c90\common\fltol.c"
 Parameters:    Size  Location     Type
  f1              4    4[COMMON] unsigned char 
 Auto vars:     Size  Location     Type
  exp1            1    5[BANK0 ] unsigned char 
  sign1           1    4[BANK0 ] unsigned char 
 Return value:  Size  Location     Type
                  4    4[COMMON] long 
 Registers used:
		wreg, status,2, status,0, btemp+1
 Tracked objects:
		On entry : 
		On exit  : 
		Unchanged: 
 Data sizes:     COMMON   BANK0   BANK1   BANK3   BANK2
      Params:         4       0       0       0       0
      Locals:         0       2       0       0       0
      Temps:          0       4       0       0       0
      Totals:         4       6       0       0       0
Total ram usage:       10 bytes
 Hardware stack levels used:    1
 Hardware stack levels required when called:    1
 This function calls:
		Nothing
 This function is called by:
		_ftos
 This function uses a non-reentrant model


 *************** function ___flsub *****************
 Defined at:
		line 242 in file "D:\MPLAB 5.4\xc8\pic\sources\c90\common\sprcadd.c"
 Parameters:    Size  Location     Type
  a               4   25[BANK0 ] long 
  b               4   29[BANK0 ] long 
 Auto vars:     Size  Location     Type
		None
 Return value:  Size  Location     Type
                  4   25[BANK0 ] long 
 Registers used:
		wreg, status,2, status,0, btemp+1, pclath, cstack
 Tracked objects:
		On entry : 
		On exit  : 
		Unchanged: 
 Data sizes:     COMMON   BANK0   BANK1   BANK3   BANK2
      Params:         0       8       0       0       0
      Locals:         0       0       0       0       0
      Temps:          0       0       0       0       0
      Totals:         0       8       0       0       0
Total ram usage:        8 bytes
 Hardware stack levels used:    1
 Hardware stack levels required when called:    2
 This function calls:
		___fladd
 This function is called by:
		_ftos
 This function uses a non-reentrant model


 *************** function ___fladd *****************
 Defined at:
		line 10 in file "D:\MPLAB 5.4\xc8\pic\sources\c90\common\sprcadd.c"
 Parameters:    Size  Location     Type
  b               4    0[BANK0 ] long 
  a               4    4[BANK0 ] long 
 Auto vars:     Size  Location     Type
  grs             1    7[COMMON] unsigned char 
  bexp            1    6[COMMON] unsigned char 
  aexp            1    5[COMMON] unsigned char 
  signs           1    4[COMMON] unsigned char 
 Return value:  Size  Location     Type
                  4    0[BANK0 ] unsigned char 
 Registers used:
		wreg, status,2, status,0, btemp+1
 Tracked objects:
		On entry : 
		On exit  : 
		Unchanged: 
 Data sizes:     COMMON   BANK0   BANK1   BANK3   BANK2
      Params:         0       8       0       0       0
      Locals:         4       0       0       0       0
      Temps:          0       8       0       0       0
      Totals:         4      16       0       0       0
Total ram usage:       20 bytes
 Hardware stack levels used:    1
 Hardware stack levels required when called:    1
 This function calls:
		Nothing
 This function is called by:
		___flsub
 This function uses a non-reentrant model


 *************** function ___flmul *****************
 Defined at:
		line 8 in file "D:\MPLAB 5.4\xc8\pic\sources\c90\common\sprcmul.c"
 Parameters:    Size  Location     Type
  b               4   25[BANK0 ] unsigned char 
  a               4   29[BANK0 ] unsigned char 
 Auto vars:     Size  Location     Type
  prod            4   45[BANK0 ] struct .
  grs             4   39[BANK0 ] unsigned long 
  temp            2   49[BANK0 ] struct .
  bexp            1   44[BANK0 ] unsigned char 
  aexp            1   43[BANK0 ] unsigned char 
  sign            1   38[BANK0 ] unsigned char 
 Return value:  Size  Location     Type
                  4   25[BANK0 ] unsigned char 
 Registers used:
		wreg, status,2, status,0, btemp+1, pclath, cstack
 Tracked objects:
		On entry : 
		On exit  : 
		Unchanged: 
 Data sizes:     COMMON   BANK0   BANK1   BANK3   BANK2
      Params:         0       8       0       0       0
      Locals:         0      13       0       0       0
      Temps:          0       5       0       0       0
      Totals:         0      26       0       0       0
Total ram usage:       26 bytes
 Hardware stack levels used:    1
 Hardware stack levels required when called:    2
 This function calls:
		__Umul8_16
 This function is called by:
		_ftos
		_main
 This function uses a non-reentrant model


 *************** function __Umul8_16 *****************
 Defined at:
		line 4 in file "D:\MPLAB 5.4\xc8\pic\sources\c90\common\Umul8_16.c"
 Parameters:    Size  Location     Type
  multiplier      1    wreg     unsigned char 
  multiplicand    1    4[COMMON] unsigned char 
 Auto vars:     Size  Location     Type
  multiplier      1    4[BANK0 ] unsigned char 
  word_mpld       2    2[BANK0 ] unsigned int 
  product         2    0[BANK0 ] unsigned int 
 Return value:  Size  Location     Type
                  2    4[COMMON] unsigned int 
 Registers used:
		wreg, status,2, status,0
 Tracked objects:
		On entry : 
		On exit  : 
		Unchanged: 
 Data sizes:     COMMON   BANK0   BANK1   BANK3   BANK2
      Params:         2       0       0       0       0
      Locals:         0       5       0       0       0
      Temps:          2       0       0       0       0
      Totals:         4       5       0       0       0
Total ram usage:        9 bytes
 Hardware stack levels used:    1
 Hardware stack levels required when called:    1
 This function calls:
		Nothing
 This function is called by:
		___flmul
 This function uses a non-reentrant model


 *************** function _delete_sms *****************
 Defined at:
		line 96 in file "main_vdk.c"
 Parameters:    Size  Location     Type
		None
 Auto vars:     Size  Location     Type
		None
 Return value:  Size  Location     Type
                  1    wreg      void 
 Registers used:
		wreg, fsr0l, fsr0h, status,2, status,0, btemp+1, pclath, cstack
 Tracked objects:
		On entry : 
		On exit  : 
		Unchanged: 
 Data sizes:     COMMON   BANK0   BANK1   BANK3   BANK2
      Params:         0       0       0       0       0
      Locals:         0       0       0       0       0
      Temps:          0       3       0       0       0
      Totals:         0       3       0       0       0
Total ram usage:        3 bytes
 Hardware stack levels used:    1
 Hardware stack levels required when called:    3
 This function calls:
		_UART_Write_Text
 This function is called by:
		_main
 This function uses a non-reentrant model


 *************** function _clear_buffer *****************
 Defined at:
		line 93 in file "main_vdk.c"
 Parameters:    Size  Location     Type
		None
 Auto vars:     Size  Location     Type
		None
 Return value:  Size  Location     Type
                  1    wreg      void 
 Registers used:
		wreg, fsr0l, fsr0h, status,2, status,0, btemp+1
 Tracked objects:
		On entry : 
		On exit  : 
		Unchanged: 
 Data sizes:     COMMON   BANK0   BANK1   BANK3   BANK2
      Params:         0       0       0       0       0
      Locals:         0       0       0       0       0
      Temps:          0       0       0       0       0
      Totals:         0       0       0       0       0
Total ram usage:        0 bytes
 Hardware stack levels used:    1
 Hardware stack levels required when called:    1
 This function calls:
		Nothing
 This function is called by:
		_main
 This function uses a non-reentrant model


 *************** function ___fldiv *****************
 Defined at:
		line 8 in file "D:\MPLAB 5.4\xc8\pic\sources\c90\common\sprcdiv.c"
 Parameters:    Size  Location     Type
  a               4   51[BANK0 ] void 
  b               4   55[BANK0 ] void 
 Auto vars:     Size  Location     Type
  grs             4   71[BANK0 ] unsigned long 
  rem             4   64[BANK0 ] unsigned long 
  new_exp         2   69[BANK0 ] int 
  aexp            1   76[BANK0 ] unsigned char 
  bexp            1   75[BANK0 ] unsigned char 
  sign            1   68[BANK0 ] unsigned char 
 Return value:  Size  Location     Type
                  4   51[BANK0 ] unsigned char 
 Registers used:
		wreg, status,2, status,0, btemp+1
 Tracked objects:
		On entry : 
		On exit  : 
		Unchanged: 
 Data sizes:     COMMON   BANK0   BANK1   BANK3   BANK2
      Params:         0       8       0       0       0
      Locals:         0      13       0       0       0
      Temps:          0       5       0       0       0
      Totals:         0      26       0       0       0
Total ram usage:       26 bytes
 Hardware stack levels used:    1
 Hardware stack levels required when called:    1
 This function calls:
		Nothing
 This function is called by:
		_main
 This function uses a non-reentrant model


 *************** function _UART_Init *****************
 Defined at:
		line 37 in file "main_vdk.c"
 Parameters:    Size  Location     Type
  baudrate        4   14[BANK0 ] const long 
 Auto vars:     Size  Location     Type
  x               2    5[COMMON] unsigned int 
 Return value:  Size  Location     Type
                  1    wreg      unsigned char 
 Registers used:
		wreg, status,2, status,0, btemp+1, pclath, cstack
 Tracked objects:
		On entry : 
		On exit  : 
		Unchanged: 
 Data sizes:     COMMON   BANK0   BANK1   BANK3   BANK2
      Params:         0       4       0       0       0
      Locals:         2       0       0       0       0
      Temps:          0      12       0       0       0
      Totals:         2      16       0       0       0
Total ram usage:       18 bytes
 Hardware stack levels used:    1
 Hardware stack levels required when called:    2
 This function calls:
		___aldiv
 This function is called by:
		_main
 This function uses a non-reentrant model


 *************** function ___aldiv *****************
 Defined at:
		line 5 in file "D:\MPLAB 5.4\xc8\pic\sources\c90\common\aldiv.c"
 Parameters:    Size  Location     Type
  divisor         4    0[BANK0 ] long 
  dividend        4    4[BANK0 ] long 
 Auto vars:     Size  Location     Type
  quotient        4   10[BANK0 ] long 
  sign            1    9[BANK0 ] unsigned char 
  counter         1    8[BANK0 ] unsigned char 
 Return value:  Size  Location     Type
                  4    0[BANK0 ] long 
 Registers used:
		wreg, status,2, status,0, btemp+1
 Tracked objects:
		On entry : 
		On exit  : 
		Unchanged: 
 Data sizes:     COMMON   BANK0   BANK1   BANK3   BANK2
      Params:         0       8       0       0       0
      Locals:         0       6       0       0       0
      Temps:          1       0       0       0       0
      Totals:         1      14       0       0       0
Total ram usage:       15 bytes
 Hardware stack levels used:    1
 Hardware stack levels required when called:    1
 This function calls:
		Nothing
 This function is called by:
		_UART_Init
 This function uses a non-reentrant model


 *************** function _ATinit *****************
 Defined at:
		line 75 in file "main_vdk.c"
 Parameters:    Size  Location     Type
		None
 Auto vars:     Size  Location     Type
		None
 Return value:  Size  Location     Type
                  1    wreg      void 
 Registers used:
		wreg, fsr0l, fsr0h, status,2, status,0, btemp+1, pclath, cstack
 Tracked objects:
		On entry : 
		On exit  : 
		Unchanged: 
 Data sizes:     COMMON   BANK0   BANK1   BANK3   BANK2
      Params:         0       0       0       0       0
      Locals:         0       0       0       0       0
      Temps:          0       3       0       0       0
      Totals:         0       3       0       0       0
Total ram usage:        3 bytes
 Hardware stack levels used:    1
 Hardware stack levels required when called:    4
 This function calls:
		_UART_Write_Text
		_send_sms
 This function is called by:
		_main
 This function uses a non-reentrant model


 *************** function _send_sms *****************
 Defined at:
		line 65 in file "main_vdk.c"
 Parameters:    Size  Location     Type
  n               2    5[BANK0 ] PTR unsigned char 
		 -> STR_31(21), STR_28(21), STR_25(23), STR_22(23), 
		 -> STR_19(21), STR_16(21), STR_12(22), STR_10(21), 
 Auto vars:     Size  Location     Type
		None
 Return value:  Size  Location     Type
                  1    wreg      void 
 Registers used:
		wreg, fsr0l, fsr0h, status,2, status,0, btemp+1, pclath, cstack
 Tracked objects:
		On entry : 
		On exit  : 
		Unchanged: 
 Data sizes:     COMMON   BANK0   BANK1   BANK3   BANK2
      Params:         0       2       0       0       0
      Locals:         0       0       0       0       0
      Temps:          0       3       0       0       0
      Totals:         0       5       0       0       0
Total ram usage:        5 bytes
 Hardware stack levels used:    1
 Hardware stack levels required when called:    3
 This function calls:
		_UART_Write_Text
 This function is called by:
		_ATinit
		_main
 This function uses a non-reentrant model


 *************** function _UART_Write_Text *****************
 Defined at:
		line 60 in file "main_vdk.c"
 Parameters:    Size  Location     Type
  text            2    5[COMMON] PTR unsigned char 
		 -> STR_44(3), STR_43(20), STR_42(25), STR_41(25), 
		 -> STR_40(25), STR_39(25), STR_38(27), STR_37(27), 
		 -> STR_36(25), STR_35(25), STR_34(25), main@a(20), 
		 -> STR_31(21), STR_28(21), STR_25(23), STR_22(23), 
		 -> STR_19(21), STR_16(21), STR_13(12), STR_12(22), 
		 -> STR_11(21), STR_10(21), STR_9(10), STR_8(20), 
		 -> STR_7(12), STR_6(16), STR_5(7), STR_4(7), 
		 -> STR_3(5), STR_2(3), STR_1(25), 
 Auto vars:     Size  Location     Type
  i               2    3[BANK0 ] int 
 Return value:  Size  Location     Type
                  1    wreg      void 
 Registers used:
		wreg, fsr0l, fsr0h, status,2, status,0, btemp+1, pclath, cstack
 Tracked objects:
		On entry : 
		On exit  : 
		Unchanged: 
 Data sizes:     COMMON   BANK0   BANK1   BANK3   BANK2
      Params:         2       0       0       0       0
      Locals:         0       2       0       0       0
      Temps:          0       3       0       0       0
      Totals:         2       5       0       0       0
Total ram usage:        7 bytes
 Hardware stack levels used:    1
 Hardware stack levels required when called:    2
 This function calls:
		_UART_Write
 This function is called by:
		_send_sms
		_ATinit
		_delete_sms
		_main
 This function uses a non-reentrant model


 *************** function _UART_Write *****************
 Defined at:
		line 56 in file "main_vdk.c"
 Parameters:    Size  Location     Type
  data            1    wreg     unsigned char 
 Auto vars:     Size  Location     Type
  data            1    4[COMMON] unsigned char 
 Return value:  Size  Location     Type
                  1    wreg      void 
 Registers used:
		wreg
 Tracked objects:
		On entry : 
		On exit  : 
		Unchanged: 
 Data sizes:     COMMON   BANK0   BANK1   BANK3   BANK2
      Params:         0       0       0       0       0
      Locals:         1       0       0       0       0
      Temps:          0       0       0       0       0
      Totals:         1       0       0       0       0
Total ram usage:        1 bytes
 Hardware stack levels used:    1
 Hardware stack levels required when called:    1
 This function calls:
		Nothing
 This function is called by:
		_UART_Write_Text
 This function uses a non-reentrant model


 *************** function _ADC_Read *****************
 Defined at:
		line 104 in file "main_vdk.c"
 Parameters:    Size  Location     Type
  channel         1    wreg     unsigned char 
 Auto vars:     Size  Location     Type
  channel         1    0[BANK0 ] unsigned char 
 Return value:  Size  Location     Type
                  2    4[COMMON] unsigned int 
 Registers used:
		wreg, status,2, status,0, btemp+1
 Tracked objects:
		On entry : 
		On exit  : 
		Unchanged: 
 Data sizes:     COMMON   BANK0   BANK1   BANK3   BANK2
      Params:         2       0       0       0       0
      Locals:         0       1       0       0       0
      Temps:          2       0       0       0       0
      Totals:         4       1       0       0       0
Total ram usage:        5 bytes
 Hardware stack levels used:    1
 Hardware stack levels required when called:    1
 This function calls:
		Nothing
 This function is called by:
		_main
 This function uses a non-reentrant model


 *************** function _ADC_Init *****************
 Defined at:
		line 100 in file "main_vdk.c"
 Parameters:    Size  Location     Type
		None
 Auto vars:     Size  Location     Type
		None
 Return value:  Size  Location     Type
                  1    wreg      void 
 Registers used:
		wreg
 Tracked objects:
		On entry : 
		On exit  : 
		Unchanged: 
 Data sizes:     COMMON   BANK0   BANK1   BANK3   BANK2
      Params:         0       0       0       0       0
      Locals:         0       0       0       0       0
      Temps:          0       0       0       0       0
      Totals:         0       0       0       0       0
Total ram usage:        0 bytes
 Hardware stack levels used:    1
 Hardware stack levels required when called:    1
 This function calls:
		Nothing
 This function is called by:
		_main
 This function uses a non-reentrant model


 *************** function _myISR *****************
 Defined at:
		line 19 in file "main_vdk.c"
 Parameters:    Size  Location     Type
		None
 Auto vars:     Size  Location     Type
		None
 Return value:  Size  Location     Type
                  1    wreg      void 
 Registers used:
		wreg, fsr0l, fsr0h, status,2, status,0, btemp+1
 Tracked objects:
		On entry : 
		On exit  : 
		Unchanged: 
 Data sizes:     COMMON   BANK0   BANK1   BANK3   BANK2
      Params:         0       0       0       0       0
      Locals:         0       0       0       0       0
      Temps:          4       0       0       0       0
      Totals:         4       0       0       0       0
Total ram usage:        4 bytes
 Hardware stack levels used:    1
 This function calls:
		Nothing
 This function is called by:
		Interrupt level 1
 This function uses a non-reentrant model



MODULE INFORMATION

Module		Function		Class		Link	Load	Size
D:\MPLAB 5.4\xc8\pic\sources\c90\common\strlen.c
		_strlen        		CODE           	1390	0000	37

D:\MPLAB 5.4\xc8\pic\sources\c90\common\strlen.c estimated size: 37

D:\MPLAB 5.4\xc8\pic\sources\c90\common\awmod.c
		___awmod       		CODE           	0811	0000	92

D:\MPLAB 5.4\xc8\pic\sources\c90\common\awmod.c estimated size: 92

D:\MPLAB 5.4\xc8\pic\sources\c90\common\strchr.c
		_strchr        		CODE           	133C	0000	24

D:\MPLAB 5.4\xc8\pic\sources\c90\common\strchr.c estimated size: 24

D:\MPLAB 5.4\xc8\pic\sources\c90\common\xxtofl.c
		___xxtofl      		CODE           	086C	0000	189

D:\MPLAB 5.4\xc8\pic\sources\c90\common\xxtofl.c estimated size: 189

D:\MPLAB 5.4\xc8\pic\sources\c90\common\sprcadd.c
		___flsub       		CODE           	136C	0000	37
		___fladd       		CODE           	0D70	0000	657

D:\MPLAB 5.4\xc8\pic\sources\c90\common\sprcadd.c estimated size: 694

main_vdk.c
		_myISR         		CODE           	15F6	0000	121
		_intToStr      		CODE           	166E	0000	122
		_UART_Init     		CODE           	0AB7	0000	221
		_main          		CODE           	002D	0000	1031
		_ftos          		CODE           	09EB	0000	205
		_UART_Write_Text		CODE           	1471	0000	71
		_ATinit        		CODE           	0928	0000	196
		_mypow         		CODE           	1433	0000	63
		_send_sms      		CODE           	14B7	0000	80
		_delete_sms    		CODE           	1353	0000	26
		_UART_Write    		CODE           	0805	0000	13
		_ADC_Read      		CODE           	13DD	0000	44
		_reverse       		CODE           	1506	0000	80
		_ADC_Init      		CODE           	131F	0000	10
		_clear_buffer  		CODE           	1328	0000	21

main_vdk.c estimated size: 2304

D:\MPLAB 5.4\xc8\pic\sources\c90\common\awdiv.c
		___awdiv       		CODE           	0794	0000	106

D:\MPLAB 5.4\xc8\pic\sources\c90\common\awdiv.c estimated size: 106

D:\MPLAB 5.4\xc8\pic\sources\c90\common\fltol.c
		___fltol       		CODE           	16E7	0000	125

D:\MPLAB 5.4\xc8\pic\sources\c90\common\fltol.c estimated size: 125

D:\MPLAB 5.4\xc8\pic\sources\c90\common\aldiv.c
		___aldiv       		CODE           	1763	0000	158

D:\MPLAB 5.4\xc8\pic\sources\c90\common\aldiv.c estimated size: 158

D:\MPLAB 5.4\xc8\pic\sources\c90\common\strstr.c
		_strstr        		CODE           	15A5	0000	82

D:\MPLAB 5.4\xc8\pic\sources\c90\common\strstr.c estimated size: 82

D:\MPLAB 5.4\xc8\pic\sources\c90\common\Umul16.c
		___wmul        		CODE           	1408	0000	44

D:\MPLAB 5.4\xc8\pic\sources\c90\common\Umul16.c estimated size: 44

shared
		__stringtab    		STRING         	123E	0000	19
		__initialization		CODE           	0015	0000	21

shared estimated size: 40

D:\MPLAB 5.4\xc8\pic\sources\c90\common\Umul8_16.c
		__Umul8_16     		CODE           	13B4	0000	42

D:\MPLAB 5.4\xc8\pic\sources\c90\common\Umul8_16.c estimated size: 42

D:\MPLAB 5.4\xc8\pic\sources\c90\common\strncmp.c
		_strncmp       		CODE           	1555	0000	81

D:\MPLAB 5.4\xc8\pic\sources\c90\common\strncmp.c estimated size: 81

D:\MPLAB 5.4\xc8\pic\sources\c90\common\sprcmul.c
		___flmul       		CODE           	0433	0000	866

D:\MPLAB 5.4\xc8\pic\sources\c90\common\sprcmul.c estimated size: 866

D:\MPLAB 5.4\xc8\pic\sources\c90\common\sprcdiv.c
		___fldiv       		CODE           	0B93	0000	478

D:\MPLAB 5.4\xc8\pic\sources\c90\common\sprcdiv.c estimated size: 478

